90
85
68
no solution
78
40
77
no solution
50
no solution
no solution
82
no solution
71
no solution
43
54
98
93
no solution
82
no solution
49
45
no solution
28
97
95
no solution
74
17
no solution
93
55
87
no solution
no solution
no solution
96
60
48
no solution
55
no solution
no solution
65
no solution
no solution
no solution
100
