no solution
no solution
98
no solution
74
99
no solution
no solution
72
16
79
no solution
61
no solution
45
no solution
no solution
71
84
no solution
no solution
77
80
no solution
no solution
50
55
74
no solution
98
90
no solution
28
81
no solution
no solution
65
no solution
85
no solution
73
51
67
62
99
43
no solution
89
75
38
75
19
no solution
