no solution
56
89
79
94
no solution
70
no solution
no solution
no solution
no solution
13
no solution
94
no solution
no solution
99
79
no solution
52
96
no solution
42
48
84
88
79
90
no solution
70
no solution
74
78
no solution
88
62
no solution
54
81
no solution
73
80
no solution
97
no solution
89
54
no solution
no solution
78
